*** Using Compiler 'V6.7', folder: 'D:\keil5\ARM\ARMCLANG\Bin'
Build target 'fsmc_control'
compiling croutine.c...
compiling queue.c...
compiling freertos.c...
compiling timers.c...
compiling port.c...
compiling list.c...
compiling heap_4.c...
compiling stream_buffer.c...
../Middlewares/Third_Party/FreeRTOS/Source/CMSIS_RTOS/cmsis_os.c(132): warning: implicit declaration of function '__get_IPSR' is invalid in C99 [-Wimplicit-function-declaration]
  return __get_IPSR() != 0;
         ^
1 warning generated.
compiling cmsis_os.c...
compiling event_groups.c...
compiling main.c...
compiling tasks.c...
compiling lvgl_task.c...
linking...
Program Size: Code=178930 RO-data=64526 RW-data=380 ZI-data=89748  
FromELF: creating hex file...
"fsmc_control\fsmc_control.axf" - 0 Error(s), 1 Warning(s).
Build Time Elapsed:  00:00:11
